---
source: crates/fl-tui/src/render.rs
expression: dump
---
┌──────────────────────────────────────────────────────────────────────────────────────────────────┐
│ ⚙️   flutter-cli ── my_app · debug · no device                                  Building…  ⏱ 00:00│
└──────────────────────────────────────────────────────────────────────────────────────────────────┘
┌ Performance ─────────────────────────────────────────────┐┌ Devices ─────────────────────────────┐
│FPS                                                    0.0││(aucun)                               │
│Frame  ui  0.0ms  raster  0.0ms  jank   0%                ││                                      │
│Memory                                                 0MB││                                      │
│Avg   0.0fps  rate   0/s  peak  0.0                       ││                                      │
│                                                          ││                                      │
│                                                          ││                                      │
│                                                          ││                                      │
│                                                          ││                                      │
│                                                          ││                                      │
│                                                          ││                                      │
│                                                          ││                                      │
│                                                          ││                                      │
│                                                          ││                                      │
│                                                          ││                                      │
│                                                          ││                                      │
│                                                          ││                                      │
│                                                          ││                                      │
│                                                          ││                                      │
└──────────────────────────────────────────────────────────┘└──────────────────────────────────────┘
 ⏳  building app…  [/] filter  [c] copy 📋   [q] quit
