---
source: crates/fl-tui/src/render.rs
expression: dump
---
┌──────────────────────────────────────────────────────────────────────────────────────────────────┐
│ ☀  fl ── my_app · debug · no device                                            Building…  ⏱ 00:00│
└──────────────────────────────────────────────────────────────────────────────────────────────────┘
┌ Logs ────────────────────────────────────────────────────┐┌ Performance ─────────────────────────┐
│INFO  App started                                         ││FPS                              0.0  │
│                                                          ││Frame  ui  0.0ms  raster  0.0ms       │
│                                                          ││Memory                             0MB│
│                                                          ││Rebuilds 0/s                          │
│                                                          ││                                      │
│                                                          ││                                      │
│                                                          ││                                      │
│                                                          ││                                      │
│                                                          ││                                      │
│                                                          │└──────────────────────────────────────┘
│                                                          │┌ Devices ─────────────────────────────┐
│                                                          ││(aucun)                               │
│                                                          ││                                      │
│                                                          ││                                      │
│                                                          ││                                      │
│                                                          ││                                      │
│                                                          ││                                      │
│                                                          ││                                      │
└──────────────────────────────────────────────────────────┘└──────────────────────────────────────┘
 [r] reload  [R] restart  [b] theme  [v] verbose  [q] quit
