---
source: crates/fl-tui/src/render.rs
expression: dump
---
┌──────────────────────────────────────────────────────────────────────────────────────────────────┐
│ fl ── my_app · debug · no device                                                                 │
└──────────────────────────────────────────────────────────────────────────────────────────────────┘
┌ Logs ────────────────────────────────────────────────────┐┌ Performance ─────────────────────────┐
│INFO  App started                                         ││FPS                              0.0  │
│                                                          ││Frame  ui  0.0ms  raster  0.0ms       │
│                                                          ││Memory                             0MB│
│                                                          ││Rebuilds 0/s                          │
│                                                          ││                                      │
│                                                          ││                                      │
│                                                          ││                                      │
│                                                          ││                                      │
│                                                          ││                                      │
│                                                          │└──────────────────────────────────────┘
│                                                          │┌ Devices ─────────────────────────────┐
│                                                          ││(aucun)                               │
│                                                          ││                                      │
│                                                          ││                                      │
│                                                          ││                                      │
│                                                          ││                                      │
│                                                          ││                                      │
│                                                          ││                                      │
└──────────────────────────────────────────────────────────┘└──────────────────────────────────────┘
 [r] reload  [R] restart  [b] theme  [p] paint  [o] platform  [w] wifi  [/] filter  [c] clear  [?] h
